e2e/error-handling.spec.ts(32,50): error TS2339: Property 'guestPageWithTable' does not exist on type 'PlaywrightTestArgs & PlaywrightTestOptions & PlaywrightWorkerArgs & PlaywrightWorkerOptions'.
e2e/error-handling.spec.ts(61,54): error TS2339: Property 'guestPageWithTable' does not exist on type 'PlaywrightTestArgs & PlaywrightTestOptions & PlaywrightWorkerArgs & PlaywrightWorkerOptions'.
e2e/error-handling.spec.ts(85,58): error TS2339: Property 'guestPageWithTable' does not exist on type 'PlaywrightTestArgs & PlaywrightTestOptions & PlaywrightWorkerArgs & PlaywrightWorkerOptions'.
e2e/error-handling.spec.ts(117,65): error TS2339: Property 'guestPageWithTable' does not exist on type 'PlaywrightTestArgs & PlaywrightTestOptions & PlaywrightWorkerArgs & PlaywrightWorkerOptions'.
e2e/error-handling.spec.ts(137,71): error TS2339: Property 'guestPageWithTable' does not exist on type 'PlaywrightTestArgs & PlaywrightTestOptions & PlaywrightWorkerArgs & PlaywrightWorkerOptions'.
e2e/error-handling.spec.ts(164,59): error TS2339: Property 'guestPageWithTable' does not exist on type 'PlaywrightTestArgs & PlaywrightTestOptions & PlaywrightWorkerArgs & PlaywrightWorkerOptions'.
e2e/error-handling.spec.ts(197,52): error TS2339: Property 'guestPageWithTable' does not exist on type 'PlaywrightTestArgs & PlaywrightTestOptions & PlaywrightWorkerArgs & PlaywrightWorkerOptions'.
e2e/fixtures.ts(59,3): error TS2353: Object literal may only specify known properties, and 'guestPageWithTable' does not exist in type 'Fixtures<{}, {}, PlaywrightTestArgs & PlaywrightTestOptions, PlaywrightWorkerArgs & PlaywrightWorkerOptions>'.
e2e/happy-path.spec.ts(16,5): error TS2339: Property 'guestPageWithTable' does not exist on type 'PlaywrightTestArgs & PlaywrightTestOptions & PlaywrightWorkerArgs & PlaywrightWorkerOptions'.
e2e/happy-path.spec.ts(89,69): error TS2339: Property 'guestPageWithTable' does not exist on type 'PlaywrightTestArgs & PlaywrightTestOptions & PlaywrightWorkerArgs & PlaywrightWorkerOptions'.
e2e/happy-path.spec.ts(120,69): error TS2339: Property 'guestPageWithTable' does not exist on type 'PlaywrightTestArgs & PlaywrightTestOptions & PlaywrightWorkerArgs & PlaywrightWorkerOptions'.
e2e/happy-path.spec.ts(151,68): error TS2339: Property 'guestPageWithCart' does not exist on type 'PlaywrightTestArgs & PlaywrightTestOptions & PlaywrightWorkerArgs & PlaywrightWorkerOptions'.
e2e/happy-path.spec.ts(183,63): error TS2339: Property 'guestPageWithCart' does not exist on type 'PlaywrightTestArgs & PlaywrightTestOptions & PlaywrightWorkerArgs & PlaywrightWorkerOptions'.
e2e/mobile.spec.ts(5,28): error TS2339: Property 'mobileViewport' does not exist on type 'PlaywrightTestArgs & PlaywrightTestOptions & PlaywrightWorkerArgs & PlaywrightWorkerOptions'.
e2e/mobile.spec.ts(10,64): error TS2339: Property 'mobileViewport' does not exist on type 'PlaywrightTestArgs & PlaywrightTestOptions & PlaywrightWorkerArgs & PlaywrightWorkerOptions'.
e2e/mobile.spec.ts(36,64): error TS2339: Property 'mobileViewport' does not exist on type 'PlaywrightTestArgs & PlaywrightTestOptions & PlaywrightWorkerArgs & PlaywrightWorkerOptions'.
e2e/mobile.spec.ts(64,61): error TS2339: Property 'mobileViewport' does not exist on type 'PlaywrightTestArgs & PlaywrightTestOptions & PlaywrightWorkerArgs & PlaywrightWorkerOptions'.
e2e/mobile.spec.ts(83,56): error TS2339: Property 'mobileViewport' does not exist on type 'PlaywrightTestArgs & PlaywrightTestOptions & PlaywrightWorkerArgs & PlaywrightWorkerOptions'.
e2e/mobile.spec.ts(109,61): error TS2339: Property 'mobileViewport' does not exist on type 'PlaywrightTestArgs & PlaywrightTestOptions & PlaywrightWorkerArgs & PlaywrightWorkerOptions'.
e2e/mobile.spec.ts(170,64): error TS2339: Property 'mobileViewport' does not exist on type 'PlaywrightTestArgs & PlaywrightTestOptions & PlaywrightWorkerArgs & PlaywrightWorkerOptions'.
e2e/mobile.spec.ts(194,68): error TS2339: Property 'mobileViewport' does not exist on type 'PlaywrightTestArgs & PlaywrightTestOptions & PlaywrightWorkerArgs & PlaywrightWorkerOptions'.
e2e/performance.spec.ts(14,66): error TS2339: Property 'guestPageWithTable' does not exist on type 'PlaywrightTestArgs & PlaywrightTestOptions & PlaywrightWorkerArgs & PlaywrightWorkerOptions'.
e2e/performance.spec.ts(34,58): error TS2339: Property 'guestPageWithTable' does not exist on type 'PlaywrightTestArgs & PlaywrightTestOptions & PlaywrightWorkerArgs & PlaywrightWorkerOptions'.
e2e/performance.spec.ts(66,55): error TS2339: Property 'guestPageWithTable' does not exist on type 'PlaywrightTestArgs & PlaywrightTestOptions & PlaywrightWorkerArgs & PlaywrightWorkerOptions'.
e2e/performance.spec.ts(91,55): error TS2339: Property 'guestPageWithTable' does not exist on type 'PlaywrightTestArgs & PlaywrightTestOptions & PlaywrightWorkerArgs & PlaywrightWorkerOptions'.
e2e/performance.spec.ts(118,50): error TS2339: Property 'guestPageWithTable' does not exist on type 'PlaywrightTestArgs & PlaywrightTestOptions & PlaywrightWorkerArgs & PlaywrightWorkerOptions'.
e2e/performance.spec.ts(166,49): error TS2339: Property 'guestPageWithTable' does not exist on type 'PlaywrightTestArgs & PlaywrightTestOptions & PlaywrightWorkerArgs & PlaywrightWorkerOptions'.
e2e/performance.spec.ts(185,47): error TS2339: Property 'guestPageWithTable' does not exist on type 'PlaywrightTestArgs & PlaywrightTestOptions & PlaywrightWorkerArgs & PlaywrightWorkerOptions'.
e2e/performance.spec.ts(213,53): error TS2339: Property 'guestPageWithTable' does not exist on type 'PlaywrightTestArgs & PlaywrightTestOptions & PlaywrightWorkerArgs & PlaywrightWorkerOptions'.
e2e/performance.spec.ts(246,69): error TS2339: Property 'guestPageWithTable' does not exist on type 'PlaywrightTestArgs & PlaywrightTestOptions & PlaywrightWorkerArgs & PlaywrightWorkerOptions'.
src/__tests__/integration/guestFlow.test.ts(79,74): error TS2345: Argument of type '{ isBirthdayPromoEnabled: true; birthdayDiscountPercent: number; isBuffetPromoEnabled: false; buffetDiscountPercent: number; }' is not assignable to parameter of type 'MarketingSettings'.
  Type '{ isBirthdayPromoEnabled: true; birthdayDiscountPercent: number; isBuffetPromoEnabled: false; buffetDiscountPercent: number; }' is missing the following properties from type 'MarketingSettings': isAddonEnabled, isCrossSellEnabled, isBundleEnabled, isProgressBarEnabled, and 3 more.
src/__tests__/integration/guestFlow.test.ts(309,76): error TS2345: Argument of type '{ isBirthdayPromoEnabled: boolean; birthdayDiscountPercent: number; isBuffetPromoEnabled: boolean; buffetDiscountPercent: number; }' is not assignable to parameter of type 'MarketingSettings'.
  Type '{ isBirthdayPromoEnabled: boolean; birthdayDiscountPercent: number; isBuffetPromoEnabled: boolean; buffetDiscountPercent: number; }' is missing the following properties from type 'MarketingSettings': isAddonEnabled, isCrossSellEnabled, isBundleEnabled, isProgressBarEnabled, and 3 more.
src/__tests__/integration/guestFlow.test.ts(311,48): error TS2554: Expected 1 arguments, but got 2.
src/__tests__/setup.ts(50,3): error TS2322: Type 'Mock<[x: number, y: number], void>' is not assignable to type '{ (options?: ScrollToOptions): void; (x: number, y: number): void; }'.
  Target signature provides too few arguments. Expected 2 or more, but got 1.
src/__tests__/stores/cartStore.test.ts(256,65): error TS2345: Argument of type '{ isBirthdayPromoEnabled: boolean; birthdayDiscountPercent: number; isBuffetPromoEnabled: boolean; buffetDiscountPercent: number; }' is not assignable to parameter of type 'MarketingSettings'.
  Type '{ isBirthdayPromoEnabled: boolean; birthdayDiscountPercent: number; isBuffetPromoEnabled: boolean; buffetDiscountPercent: number; }' is missing the following properties from type 'MarketingSettings': isAddonEnabled, isCrossSellEnabled, isBundleEnabled, isProgressBarEnabled, and 3 more.
src/__tests__/stores/cartStore.test.ts(277,65): error TS2345: Argument of type '{ isBirthdayPromoEnabled: boolean; birthdayDiscountPercent: number; isBuffetPromoEnabled: boolean; buffetDiscountPercent: number; }' is not assignable to parameter of type 'MarketingSettings'.
  Type '{ isBirthdayPromoEnabled: boolean; birthdayDiscountPercent: number; isBuffetPromoEnabled: boolean; buffetDiscountPercent: number; }' is missing the following properties from type 'MarketingSettings': isAddonEnabled, isCrossSellEnabled, isBundleEnabled, isProgressBarEnabled, and 3 more.
src/__tests__/stores/cartStore.test.ts(297,65): error TS2345: Argument of type '{ isBirthdayPromoEnabled: boolean; birthdayDiscountPercent: number; isBuffetPromoEnabled: boolean; buffetDiscountPercent: number; }' is not assignable to parameter of type 'MarketingSettings'.
  Type '{ isBirthdayPromoEnabled: boolean; birthdayDiscountPercent: number; isBuffetPromoEnabled: boolean; buffetDiscountPercent: number; }' is missing the following properties from type 'MarketingSettings': isAddonEnabled, isCrossSellEnabled, isBundleEnabled, isProgressBarEnabled, and 3 more.
src/__tests__/stores/cartStore.test.ts(316,65): error TS2345: Argument of type '{ isBirthdayPromoEnabled: boolean; birthdayDiscountPercent: number; isBuffetPromoEnabled: boolean; buffetDiscountPercent: number; }' is not assignable to parameter of type 'MarketingSettings'.
  Type '{ isBirthdayPromoEnabled: boolean; birthdayDiscountPercent: number; isBuffetPromoEnabled: boolean; buffetDiscountPercent: number; }' is missing the following properties from type 'MarketingSettings': isAddonEnabled, isCrossSellEnabled, isBundleEnabled, isProgressBarEnabled, and 3 more.
src/__tests__/testUtils.tsx(60,5): error TS2304: Cannot find name 'expect'.
src/__tests__/testUtils.tsx(72,5): error TS2304: Cannot find name 'expect'.
src/apps/admin/App.tsx(43,44): error TS2304: Cannot find name 'MenuItem'.
src/components/AdminBottomNav.tsx(41,20): error TS2339: Property 'badge' does not exist on type '{ readonly id: "meja"; readonly label: "Monitor"; readonly icon: ForwardRefExoticComponent<Omit<LucideProps, "ref"> & RefAttributes<SVGSVGElement>>; readonly badge: boolean; } | { ...; } | { ...; } | { ...; } | { ...; }'.
  Property 'badge' does not exist on type '{ readonly id: "peta"; readonly label: "QR Meja"; readonly icon: ForwardRefExoticComponent<Omit<LucideProps, "ref"> & RefAttributes<SVGSVGElement>>; }'.
src/components/BottomNav.tsx(42,20): error TS2339: Property 'badge' does not exist on type '{ readonly id: "meja"; readonly label: "Monitor"; readonly icon: ForwardRefExoticComponent<Omit<LucideProps, "ref"> & RefAttributes<SVGSVGElement>>; readonly badge: boolean; } | { ...; } | { ...; } | { ...; } | { ...; }'.
  Property 'badge' does not exist on type '{ readonly id: "peta"; readonly label: "QR Meja"; readonly icon: ForwardRefExoticComponent<Omit<LucideProps, "ref"> & RefAttributes<SVGSVGElement>>; }'.
src/components/Cart.tsx(26,71): error TS2339: Property 'target_table' does not exist on type 'PromoEvent'.
src/components/MarketingSection.tsx(142,96): error TS2345: Argument of type 'string' is not assignable to parameter of type 'number'.
src/components/MarketingSection.tsx(170,100): error TS2345: Argument of type 'string' is not assignable to parameter of type 'number'.
src/components/MarketingSection.tsx(185,98): error TS2345: Argument of type 'string' is not assignable to parameter of type 'number'.
src/components/RecipeEditor.tsx(13,24): error TS2339: Property 'calculateHPP' does not exist on type 'InventoryState'.
src/components/StockManagementSection.tsx(8,24): error TS2339: Property 'transactions' does not exist on type 'InventoryState'.
src/components/StockManagementSection.tsx(8,51): error TS2339: Property 'setIngredients' does not exist on type 'InventoryState'.
src/components/waiter/OrderDetailView.tsx(87,28): error TS2367: This comparison appears to be unintentional because the types '"DINE_IN" | "TAKE_AWAY"' and '"take-away"' have no overlap.
src/components/waiter/OrderDetailView.tsx(89,30): error TS2367: This comparison appears to be unintentional because the types '"DINE_IN" | "TAKE_AWAY"' and '"take-away"' have no overlap.
src/lib/supabase.ts(3,33): error TS2339: Property 'env' does not exist on type 'ImportMeta'.
src/lib/supabase.ts(4,37): error TS2339: Property 'env' does not exist on type 'ImportMeta'.
src/pages/Employees.tsx(128,52): error TS2304: Cannot find name 'handleDelete'.
src/store/inventoryStore.ts(49,13): error TS2322: Type '{ id: any; name: any; unit: any; currentStock: any; minStock: any; pricePerUnit: any; }[]' is not assignable to type 'Ingredient[]'.
  Property 'safetyStock' is missing in type '{ id: any; name: any; unit: any; currentStock: any; minStock: any; pricePerUnit: any; }' but required in type 'Ingredient'.
src/store/orderStore.ts(112,13): error TS2322: Type 'string' is not assignable to type '"DINE_IN" | "TAKE_AWAY"'.
src/store/orderStore.ts(113,13): error TS2322: Type 'string' is not assignable to type '"pending" | "completed" | "preparing" | "ready" | "cancelled"'.
src/store/settingsStore.ts(47,11): error TS2322: Type 'number' is not assignable to type 'MarketingSettings[K]'.
  Type 'number' is not assignable to type 'never'.
src/store/settingsStore.ts(50,11): error TS2322: Type 'number' is not assignable to type 'MarketingSettings[K]'.
  Type 'number' is not assignable to type 'never'.
vitest.config.ts(6,13): error TS2769: No overload matches this call.
  The last overload gave the following error.
    Type 'Plugin<any>[]' is not assignable to type 'PluginOption'.
      Type 'Plugin<any>[]' is not assignable to type 'PluginOption[]'.
        Type 'Plugin<any>' is not assignable to type 'PluginOption'.
          Type 'import("C:/Users/ASUS/AndroidStudioProjects/bukumenu_digitalPSR/frontend/node_modules/vite/dist/node/index").Plugin<any>' is not assignable to type 'import("C:/Users/ASUS/AndroidStudioProjects/bukumenu_digitalPSR/frontend/node_modules/vitest/node_modules/vite/dist/node/index").Plugin<any>'.
            Types of property 'apply' are incompatible.
              Type '"build" | "serve" | ((this: void, config: import("C:/Users/ASUS/AndroidStudioProjects/bukumenu_digitalPSR/frontend/node_modules/vite/dist/node/index").UserConfig, env: import("C:/Users/ASUS/AndroidStudioProjects/bukumenu_digitalPSR/frontend/node_modules/vite/dist/node/index").ConfigEnv) => boolean)' is not assignable to type '"build" | "serve" | ((this: void, config: import("C:/Users/ASUS/AndroidStudioProjects/bukumenu_digitalPSR/frontend/node_modules/vitest/node_modules/vite/dist/node/index").UserConfig, env: import("C:/Users/ASUS/AndroidStudioProjects/bukumenu_digitalPSR/frontend/node_modules/vitest/node_modules/vite/dist/node/index")....'.
                Type '(this: void, config: UserConfig, env: ConfigEnv) => boolean' is not assignable to type '"build" | "serve" | ((this: void, config: UserConfig, env: ConfigEnv) => boolean)'.
                  Type '(this: void, config: import("C:/Users/ASUS/AndroidStudioProjects/bukumenu_digitalPSR/frontend/node_modules/vite/dist/node/index").UserConfig, env: import("C:/Users/ASUS/AndroidStudioProjects/bukumenu_digitalPSR/frontend/node_modules/vite/dist/node/index").ConfigEnv) => boolean' is not assignable to type '(this: void, config: import("C:/Users/ASUS/AndroidStudioProjects/bukumenu_digitalPSR/frontend/node_modules/vitest/node_modules/vite/dist/node/index").UserConfig, env: import("C:/Users/ASUS/AndroidStudioProjects/bukumenu_digitalPSR/frontend/node_modules/vitest/node_modules/vite/dist/node/index").ConfigEnv) => boolean'.
                    Types of parameters 'config' and 'config' are incompatible.
                      Type 'import("C:/Users/ASUS/AndroidStudioProjects/bukumenu_digitalPSR/frontend/node_modules/vitest/node_modules/vite/dist/node/index").UserConfig' is not assignable to type 'import("C:/Users/ASUS/AndroidStudioProjects/bukumenu_digitalPSR/frontend/node_modules/vite/dist/node/index").UserConfig'.
                        Types of property 'plugins' are incompatible.
                          Type 'import("C:/Users/ASUS/AndroidStudioProjects/bukumenu_digitalPSR/frontend/node_modules/vitest/node_modules/vite/dist/node/index").PluginOption[]' is not assignable to type 'import("C:/Users/ASUS/AndroidStudioProjects/bukumenu_digitalPSR/frontend/node_modules/vite/dist/node/index").PluginOption[]'.
                            Type 'import("C:/Users/ASUS/AndroidStudioProjects/bukumenu_digitalPSR/frontend/node_modules/vitest/node_modules/vite/dist/node/index").PluginOption' is not assignable to type 'import("C:/Users/ASUS/AndroidStudioProjects/bukumenu_digitalPSR/frontend/node_modules/vite/dist/node/index").PluginOption'.
                              Type 'Plugin<any>' is not assignable to type 'PluginOption'.
                                Type 'import("C:/Users/ASUS/AndroidStudioProjects/bukumenu_digitalPSR/frontend/node_modules/vitest/node_modules/vite/dist/node/index").Plugin<any>' is not assignable to type 'import("C:/Users/ASUS/AndroidStudioProjects/bukumenu_digitalPSR/frontend/node_modules/vite/dist/node/index").Plugin<any>'.
                                  Types of property 'apply' are incompatible.
                                    Type '"build" | "serve" | ((this: void, config: import("C:/Users/ASUS/AndroidStudioProjects/bukumenu_digitalPSR/frontend/node_modules/vitest/node_modules/vite/dist/node/index").UserConfig, env: import("C:/Users/ASUS/AndroidStudioProjects/bukumenu_digitalPSR/frontend/node_modules/vitest/node_modules/vite/dist/node/index")....' is not assignable to type '"build" | "serve" | ((this: void, config: import("C:/Users/ASUS/AndroidStudioProjects/bukumenu_digitalPSR/frontend/node_modules/vite/dist/node/index").UserConfig, env: import("C:/Users/ASUS/AndroidStudioProjects/bukumenu_digitalPSR/frontend/node_modules/vite/dist/node/index").ConfigEnv) => boolean)'.
                                      Type '(this: void, config: UserConfig, env: ConfigEnv) => boolean' is not assignable to type '"build" | "serve" | ((this: void, config: UserConfig, env: ConfigEnv) => boolean)'.
                                        Type '(this: void, config: import("C:/Users/ASUS/AndroidStudioProjects/bukumenu_digitalPSR/frontend/node_modules/vitest/node_modules/vite/dist/node/index").UserConfig, env: import("C:/Users/ASUS/AndroidStudioProjects/bukumenu_digitalPSR/frontend/node_modules/vitest/node_modules/vite/dist/node/index").ConfigEnv) => boolean' is not assignable to type '(this: void, config: import("C:/Users/ASUS/AndroidStudioProjects/bukumenu_digitalPSR/frontend/node_modules/vite/dist/node/index").UserConfig, env: import("C:/Users/ASUS/AndroidStudioProjects/bukumenu_digitalPSR/frontend/node_modules/vite/dist/node/index").ConfigEnv) => boolean'.
                                          Types of parameters 'config' and 'config' are incompatible.
                                            Type 'import("C:/Users/ASUS/AndroidStudioProjects/bukumenu_digitalPSR/frontend/node_modules/vite/dist/node/index").UserConfig' is not assignable to type 'import("C:/Users/ASUS/AndroidStudioProjects/bukumenu_digitalPSR/frontend/node_modules/vitest/node_modules/vite/dist/node/index").UserConfig'.
                                              Types of property 'plugins' are incompatible.
                                                Type 'import("C:/Users/ASUS/AndroidStudioProjects/bukumenu_digitalPSR/frontend/node_modules/vite/dist/node/index").PluginOption[]' is not assignable to type 'import("C:/Users/ASUS/AndroidStudioProjects/bukumenu_digitalPSR/frontend/node_modules/vitest/node_modules/vite/dist/node/index").PluginOption[]'.
                                                  Type 'import("C:/Users/ASUS/AndroidStudioProjects/bukumenu_digitalPSR/frontend/node_modules/vite/dist/node/index").PluginOption' is not assignable to type 'import("C:/Users/ASUS/AndroidStudioProjects/bukumenu_digitalPSR/frontend/node_modules/vitest/node_modules/vite/dist/node/index").PluginOption'.
                                                    Type 'Promise<false | Plugin<any> | PluginOption[]>' is not assignable to type 'PluginOption'.
                                                      Type 'Promise<false | import("C:/Users/ASUS/AndroidStudioProjects/bukumenu_digitalPSR/frontend/node_modules/vite/dist/node/index").Plugin<any> | import("C:/Users/ASUS/AndroidStudioProjects/bukumenu_digitalPSR/frontend/node_modules/vite/dist/node/index").PluginOption[]>' is not assignable to type 'Promise<false | import("C:/Users/ASUS/AndroidStudioProjects/bukumenu_digitalPSR/frontend/node_modules/vitest/node_modules/vite/dist/node/index").Plugin<any> | import("C:/Users/ASUS/AndroidStudioProjects/bukumenu_digitalPSR/frontend/node_modules/vitest/node_modules/vite/dist/node/index").PluginOption[]>'.
                                                        Type 'false | import("C:/Users/ASUS/AndroidStudioProjects/bukumenu_digitalPSR/frontend/node_modules/vite/dist/node/index").Plugin<any> | import("C:/Users/ASUS/AndroidStudioProjects/bukumenu_digitalPSR/frontend/node_modules/vite/dist/node/index").PluginOption[]' is not assignable to type 'false | import("C:/Users/ASUS/AndroidStudioProjects/bukumenu_digitalPSR/frontend/node_modules/vitest/node_modules/vite/dist/node/index").Plugin<any> | import("C:/Users/ASUS/AndroidStudioProjects/bukumenu_digitalPSR/frontend/node_modules/vitest/node_modules/vite/dist/node/index").PluginOption[]'.
                                                          Type 'Plugin<any>' is not assignable to type 'false | Plugin<any> | PluginOption[]'.
